<?xml version="1.0" encoding="utf-8"?><testsuites><testsuite name="pytest" errors="0" failures="0" skipped="0" tests="8" time="0.125" timestamp="2024-08-14T04:25:01.219982-05:00" hostname="DIT004281"><testcase classname="core.tests.test_views" name="test_x_forwarded_for_not_set[get_kwargs0]" time="0.040" /><testcase classname="core.tests.test_views" name="test_x_forwarded_for_not_set[get_kwargs1]" time="0.003" /><testcase classname="core.tests.test_views" name="test_x_forwarded_for_not_set[get_kwargs2]" time="0.002" /><testcase classname="core.tests.test_views" name="test_if_x_forwarded_for_and_remote_addr_then_are_concat_with_comma" time="0.002" /><testcase classname="core.tests.test_views" name="test_get_upstream_response_http_error_logged_and_raised" time="0.003" /><testcase classname="core.tests.test_views" name="test_post_password_reset_with_token_with_no_csrfmiiddlewaretoken" time="0.002" /><testcase classname="core.tests.test_views" name="test_post_password_reset_with_token_and_csrfmiddleewaretoken" time="0.002" /><testcase classname="healthcheck.tests.test_views" name="test_pingdom_app_healthcheck_ok" time="0.001" /></testsuite></testsuites>